[www.air7seas.com/index.html]
[backblue.gif]
[fade.gif]
[index.html]
[www.air7seas.com/source/images/a7s-icon.ico]
[www.air7seas.com/index-2.html]
[www.air7seas.com/source/css/responsive.css]
[www.air7seas.com/source/css/controls.css]
[www.air7seas.com/source/css/skin.css]
[www.air7seas.com/source/css/icons.css]
[www.air7seas.com/source/css/tabcontent.css]
[www.air7seas.com/source/js/jquery-1.11.1.js]
[www.air7seas.com/source/js/scriptfile.js]
[www.air7seas.com/source/css/banner-styles.css]
[www.air7seas.com/source/js/banner-script.js]
[www.air7seas.com/source/css/tab-plugin.css]
[www.air7seas.com/source/js/tab-jquery.min.js]
[www.air7seas.com/source/js/tab-custom.min.js]
[www.air7seas.com/source/js/tab-common.min.js]
[www.air7seas.com/source/css/jquery.datetimepicker.css]
[www.air7seas.com/source/css/sole.css]
[www.air7seas.com/source/css/megadrop.css]
[www.air7seas.com/source/js/megascripts.js]
[www.air7seas.com/source/images/search.gif]
[www.air7seas.com/source/images/logo-new.png]
[www.air7seas.com/cargo-tracking.html]
[www.air7seas.com/about-air7seas.html]
[www.air7seas.com/shipping-news.html]
[www.air7seas.com/source/images/phone-ico.png]
[www.air7seas.com/international-freight.html]
[www.air7seas.com/domestic-freight.html]
[www.air7seas.com/freight-forwarder.html]
[www.air7seas.com/freight-consultation.html]
[www.air7seas.com/shipping-to-vietnam.html]
[www.air7seas.com/source/images/Vietnam-Flag-icon.png]
[www.air7seas.com/shipping-to-india.html]
[www.air7seas.com/source/images/India-Flag-icon.png]
[www.air7seas.com/shipping-to-middle-east.html]
[www.air7seas.com/source/images/MiddleEast-Flag-icon.png]
[www.air7seas.com/shipping-to-china.html]
[www.air7seas.com/source/images/China-Flag-icon.png]
[www.air7seas.com/shipping-to-philippines.html]
[www.air7seas.com/source/images/Philippines-Flag-icon.png]
[www.air7seas.com/shipping-to-spain.html]
[www.air7seas.com/source/images/Spain-Flag-icon.png]
[www.air7seas.com/shipping-to-mexico.html]
[www.air7seas.com/source/images/Mexico-Flag-icon.png]
[www.air7seas.com/autos-to-canada.html]
[www.air7seas.com/source/images/Canada-Flag-icon.png]
[www.air7seas.com/importers-logistics-rep.html]
[www.air7seas.com/shipping-to-africa.html]
[www.air7seas.com/source/images/Africa-Flag-icon.png]
[www.air7seas.com/shipping-to-latin-america.html]
[www.air7seas.com/source/images/Latino-Flag-icon.png]
[www.air7seas.com/nvo.html]
[www.air7seas.com/source/images/lcl-icon.jpg]
[www.air7seas.com/a7s-pre-fulfilment-service.html]
[www.air7seas.com/source/images/receiving-center-icon.png]
[www.air7seas.com/receiving-center.html]
[www.air7seas.com/partners-agents.html]
[www.air7seas.com/source/images/partners-agents-icon.png]
[www.air7seas.com/autos-vehicles-machinery.html]
[www.air7seas.com/source/images/autos-vehicle-mechinery-icon.png]
[www.air7seas.com/transloading-transhipment.html]
[www.air7seas.com/ship-hazardous-perishable-goods.html]
[www.air7seas.com/move-household-goods.html]
[www.air7seas.com/ship-commercial-goods.html]
[www.air7seas.com/air-freight-carrier.html]
[www.air7seas.com/ocean-freight-carrier.html]
[www.air7seas.com/soc-movements.html]
[www.air7seas.com/export-import.html]
[www.air7seas.com/isf.html]
[www.air7seas.com/cargo-insurance-coverage-types.html]
[www.air7seas.com/free-estimate-insurance.html]
[www.air7seas.com/order-online-insurance.html]
[www.air7seas.com/claim-submission.html]
[www.air7seas.com/faq-insurance.html]
[www.air7seas.com/damages-to-the-goods-by-customs.html]
[www.air7seas.com/contact-us.html]
[www.air7seas.com/free-estimatesdetails.html]
[www.air7seas.com/ordernowdetails.html]
[www.air7seas.com/feedback.html]
[www.air7seas.com/complaint.html]
[www.air7seas.com/customer-review.html]
[www.air7seas.com/terms-and-conditions.html]
[www.air7seas.com/jobs.html]
[www.air7seas.com/forms-downloads.html]
[www.air7seas.com/payments.html]
[www.air7seas.com/moving-tips.html]
[www.air7seas.com/container-sizes.html]
[www.air7seas.com/faq.html]
[www.air7seas.com/ask-a-question.html]
[www.air7seas.com/estimate-sizeof-shipment.html]
[www.air7seas.com/source/images/SL_0.png]
[www.air7seas.com/source/images/SL_1.png]
[www.air7seas.com/source/images/SL_2.png]
[www.air7seas.com/source/images/SL_3.png]
[www.air7seas.com/source/images/calendar.png]
[www.air7seas.com/source/images/auto-shipping.jpg]
[www.air7seas.com/source/images/reefer-container.jpg]
[www.air7seas.com/source/images/insurance.jpg]
[www.air7seas.com/roll-on-roll-off.html]
[www.air7seas.com/source/images/roro.jpg]
[www.air7seas.com/source/js/jquery.datetimepicker.js]
[www.air7seas.com/source/images/logos.jpg]
[seal-sanjose.bbb.org/logo/ruvtbum/seal-for-213698.png]
[www.air7seas.com/customs-release.html]
[www.air7seas.com/moving.html]
[www.air7seas.com/procedural-steps-for-claim-submition.html]
[www.air7seas.com/source/images/icons/fb.png]
[www.air7seas.com/source/images/icons/twitter.png]
[www.air7seas.com/source/images/icons/gp.png]
[www.air7seas.com/index.html]
[www.air7seas.com/index-2.html]
[www.air7seas.com/source/css/responsive.css]
[www.air7seas.com/source/images/textbox-shadow.png]
[www.air7seas.com/source/css/controls.css]
[www.air7seas.com/source/css/skin.css]
[www.air7seas.com/source/css/icons.css]
[www.air7seas.com/source/css/tabcontent.css]
[www.air7seas.com/source/css/banner-styles.css]
[www.air7seas.com/source/css/tab-plugin.css]
[www.air7seas.com/source/css/jquery.datetimepicker.css]
[www.air7seas.com/source/images/1px.gif]
[www.air7seas.com/source/images/general-sp.png]
[www.air7seas.com/source/images/x-sp.png]
[www.air7seas.com/source/images/24-sp.png]
[www.air7seas.com/source/images/flags.png]
[www.air7seas.com/source/images/map-icon.jpg]
[www.air7seas.com/source/images/calc-icon.jpg]
[www.air7seas.com/source/images/tips-icon.jpg]
[www.air7seas.com/source/images/resource-icon.jpg]
[www.air7seas.com/source/images/question-icon.png]
[www.air7seas.com/source/images/cap-img.jpg]
[www.air7seas.com/source/css/sole.css]
[www.air7seas.com/source/css/megadrop.css]
[www.googletagmanager.com/gtm5445.html]
[www.air7seas.com/cargo-tracking.html]
[cargoez.com/api/v1/cargoez.js]
[www.air7seas.com/source/images/cargo-tracking.png]
[www.air7seas.com/source/images/exp.png]
[www.air7seas.com/source/images/tp-logo-customer-review.png]
[www.air7seas.com/about-air7seas.html]
[www.air7seas.com/news-ein-aes-regulation.html]
[www.air7seas.com/news-food-exporter-Importers-fda-requirements.html]
[www.air7seas.com/news-datasheets-for-experts.html]
[www.air7seas.com/source/documents/Certificate-of-Compliance.pdf]
[www.air7seas.com/source/images/icons/pdf.png]
[www.air7seas.com/news-wb-seal-india-requirements.html]
[www.air7seas.com/source/documents/Announcement-India_Seal_Requirements.doc]
[www.air7seas.com/source/images/icons/doc.png]
[www.air7seas.com/shipping-news.html]
[www.air7seas.com/source/images/international-freight.jpg]
[www.air7seas.com/international-freight.html]
[www.air7seas.com/source/images/domestic-freight.png]
[www.air7seas.com/domestic-freight.html]
[www.googleadservices.com/pagead/f.txt]
[www.air7seas.com/source/images/freight-forwarding-banner.png]
[www.air7seas.com/inco-terms.html]
[www.air7seas.com/source/images/freight_forwarding/freight_cost.png]
[www.air7seas.com/source/images/freight_forwarding/port_charges.png]
[www.air7seas.com/source/images/freight_forwarding/counsular_fees.png]
[www.air7seas.com/source/images/freight_forwarding/customs_expendition_fee.png]
[www.air7seas.com/source/images/freight_forwarding/insurance_cost.png]
[www.air7seas.com/source/images/freight_forwarding/freight_forwareder_fees.png]
[www.air7seas.com/freight-forwarder.html]
[www.air7seas.com/source/images/consultation-banner.png]
[www.air7seas.com/source/images/consultation_diagram.png]
[www.air7seas.com/freight-consultation.html]
[www.air7seas.com/source/modal-popup/jquery-1.4.3.min.js]
[www.air7seas.com/source/css/modal-popup.css]
[www.air7seas.com/source/documents/maps/vietnam-map.jpg]
[translate.google.com/translate_a/elementa0d8.js]
[www.air7seas.com/source/images/vietnam-banner.jpg]
[www.air7seas.com/shipping-to-vietnam.html]
[www.air7seas.com/lcl-cargo.html]
[www.air7seas.com/source/css/faq_accordion.css]
[www.air7seas.com/source/js/jquery-latest.min.js]
[www.air7seas.com/source/js/script.js]
[bat.bing.com/bat.js]
[www.air7seas.com/source/documents/maps/india-map.jpg]
[www.air7seas.com/source/images/shipping-to-india-banner.png]
[www.air7seas.com/source/documents/faq-documents/A7S-USA-ISC-Flyer-Afghanistan.png]
[www.air7seas.com/import-export-code-number.html]
[www.air7seas.com/lcl-export-schedule.html]
[www.air7seas.com/shipping-to-india.html]
[www.air7seas.com/source/documents/maps/middle-east-map.jpg]
[www.air7seas.com/source/documents/faq-documents/A7S Middleast-USA flyer1 4=C_Broc.pdf]
[www.air7seas.com/shipping-to-middle-east.html]
[www.air7seas.com/source/documents/maps/china-map.jpg]
[www.air7seas.com/shipping-to-china.html]
[www.air7seas.com/source/documents/maps/philippine-map.jpg]
[www.air7seas.com/source/documents/maps/philippine-map1.jpg]
[www.air7seas.com/shipping-to-philippines.html]
[www.air7seas.com/balikbayan-box.html]
[www.air7seas.com/source/documents/maps/spain-map.jpg]
[www.air7seas.com/shipping-to-spain.html]
[www.air7seas.com/dimensional-weight-calculator.html]
[www.air7seas.com/source/documents/maps/mexico-map.jpg]
[www.air7seas.com/source/documents/NAFTA-Certificate-of-Origin-CBP-Form-434_2-xpr.pdf]
[www.air7seas.com/shipping-to-mexico.html]
[www.air7seas.com/autos-to-canada.html]
[www.air7seas.com/importers-logistics-rep.html]
[www.air7seas.com/customs-clearance-help.html]
[www.air7seas.com/source/documents/maps/west-africa-map.jpg]
[www.air7seas.com/source/documents/maps/central-africa-map.jpg]
[www.air7seas.com/source/documents/maps/southern-africa-map.jpg]
[www.air7seas.com/source/documents/maps/kenya-map.jpg]
[www.air7seas.com/source/documents/maps/north-africa-map.jpg]
[www.air7seas.com/source/images/afri-cargo-logo.jpg]
[www.air7seas.com/shipping-to-africa.html]
[www.air7seas.com/customs-clearance-entry.html]
[www.air7seas.com/source/documents/maps/latin-map.jpg]
[www.air7seas.com/shipping-to-latin-america.html]
[ajax.googleapis.com/ajax/libs/jquery/1.11.1/jquery.min.js]
[www.air7seas.com/source/css/tel/intlTelInput.css]
[www.air7seas.com/source/js/jquery.validate.js]
[www.air7seas.com/image_req.html]
[www.air7seas.com/get_captcha4051.jpg]
[www.air7seas.com/CaptchaSecurityImages.jpg]
[www.air7seas.com/source/images/loading.gif]
[www.air7seas.com/source/images/nvocc.jpg]
[www.air7seas.com/source/images/gif-loader.gif]
[www.air7seas.com/get_captcha.jpg]
[www.air7seas.com/source/images/refresh.png]
[www.air7seas.com/source/images/NVOCC-LCL-Consol-Service.jpg]
[www.air7seas.com/source/documents/Carrier-to-Carrier-Agreement.pdf]
[www.air7seas.com/source/documents/BLsampleform.pdf]
[www.air7seas.com/contactlist.html]
[www.air7seas.com/refer-to-friend.html]
[www.air7seas.com/source/js/tel/intlTelInput.js]
[www.air7seas.com/nvo.html]
[www.air7seas.com/source/js/tel/utils.js]
[www.air7seas.com/source/images/A7S-FBA-Service-Flow.jpg]
[www.air7seas.com/a7s-pre-fulfilment-service.html]
[www.air7seas.com/source/images/International-ship-center-for-packages.jpg]
[www.air7seas.com/feedback4aed.html]
[www.air7seas.com/source/images/drop-center.jpg]
[www.air7seas.com/source/images/delaers/amezon.gif]
[www.air7seas.com/source/images/delaers/ebay.gif]
[www.air7seas.com/source/images/delaers/tnt.gif]
[www.air7seas.com/source/images/delaers/usps.gif]
[www.air7seas.com/source/images/delaers/dhl.gif]
[www.air7seas.com/source/images/delaers/fedex.gif]
[www.air7seas.com/source/images/delaers/ups.gif]
[www.air7seas.com/receiving-center.html]
[www.air7seas.com/lcl-deconsolidation-In-bond.html]
[www.air7seas.com/hhgimports.html]
[www.air7seas.com/agreements.html]
[www.air7seas.com/source/documents/Bill-of-Lading-Template.xlsx]
[www.air7seas.com/source/images/icons/xl.png]
[www.air7seas.com/partners-agents.html]
[www.air7seas.com/source/images/auto-vehicle-machinery.jpg]
[www.air7seas.com/source/images/auto-loading-image.png]
[www.air7seas.com/source/documents/EPA_3520_1.pdf]
[www.air7seas.com/autos-vehicles-machinery.html]
[www.air7seas.com/source/images/transloading-transhipment-banner.png]
[www.air7seas.com/transloading-transhipment.html]
[www.air7seas.com/source/images/hazardous-perishable-goods-banner.png]
[www.air7seas.com/ship-hazardous-perishable-goods.html]
[www.air7seas.com/movers.html]
[www.air7seas.com/source/images/hhg-banner.jpg]
[www.air7seas.com/move-household-goods.html]
[www.air7seas.com/ship-commercial-goods.html]
[www.air7seas.com/customs-examination-hold-notice.html]
[www.air7seas.com/source/images/airfreight-service-banner.png]
[www.air7seas.com/air-freight-carrier.html]
[www.air7seas.com/source/images/ocean-shipping-banner.png]
[www.air7seas.com/ocean-freight-carrier.html]
[www.air7seas.com/source/images/soc-movements-banner.png]
[www.air7seas.com/soc-movements.html]
[www.air7seas.com/export-import.html]
[www.air7seas.com/source/documents/A7S ISF Form.pdf]
[www.air7seas.com/source/documents/E8-27048.pdf]
[www.air7seas.com/source/documents/A7S-ISF-Form.pdf]
[www.air7seas.com/source/documents/A7S Bond-CEB.doc]
[www.air7seas.com/source/documents/PofAimport.doc]
[www.air7seas.com/isf.html]
[www.air7seas.com/source/js/tabcontent.js]
[www.air7seas.com/cargo-insurance.html]
[www.air7seas.com/cargo-insurance-coverage-types.html]
[www.air7seas.com/free-estimate-insurance.html]
[www.air7seas.com/order-online-insurance.html]
[www.air7seas.com/claim-submission.html]
[www.air7seas.com/insurancefpa.html]
[www.air7seas.com/faq-insurance.html]
[www.air7seas.com/damages-to-the-goods-by-customs.html]
[www.air7seas.com/source/images/phone.png]
[www.air7seas.com/source/images/fax_ico.png]
[www.air7seas.com/contact-us.html]
[www.air7seas.com/source/documents/forms-downloads/Credit-Application.pdf]
[www.air7seas.com/free-estimatesdetails.html]
[www.air7seas.com/ordernowdetails.html]
[www.air7seas.com/feedback.html]
[www.air7seas.com/complaint.html]
[www.air7seas.com/customer-review-fetch_pages.html]
[www.air7seas.com/source/images/confidence.png]
[www.air7seas.com/customer-review.html]
[www.air7seas.com/terms-and-conditions.html]
[www.air7seas.com/jobs.html]
[www.air7seas.com/source/documents/forms-downloads/Shippers Letter of Instruction for HHG.xls]
[www.air7seas.com/source/documents/forms-downloads/SLI- Shippers Letter of Instructions.pdf]
[www.air7seas.com/proforma invoice sample.html]
[www.air7seas.com/source/documents/forms-downloads/North American Free Trade Agreement.xls]
[www.air7seas.com/source/documents/W-9-Form.pdf]
[www.air7seas.com/source/documents/A7S-Domestic-BL-Form-Generic.pdf]
[www.air7seas.com/source/documents/Export-Power-of-Attorney.pdf]
[www.air7seas.com/source/documents/FPPI.pdf]
[www.air7seas.com/source/documents/USPPI.docx]
[www.air7seas.com/source/documents/A7S-Heavy Haul Disclaimer.doc]
[www.air7seas.com/source/documents/forms-downloads/Shippers Letter of Instruction.xls]
[www.air7seas.com/source/documents/Air-waybill.pdf]
[www.air7seas.com/source/documents/forms-downloads/PofAimport.doc]
[www.air7seas.com/source/documents/forms-downloads/A7S Bond-CEB.doc]
[www.air7seas.com/source/documents/forms-downloads/A7S Cargo Receipt Acknowledgement for Personal Goods.doc]
[www.air7seas.com/source/documents/USA_Treasury_Department_form.pdf]
[www.air7seas.com/source/documents/DOT_FORM_HS_7.pdf]
[www.air7seas.com/source/documents/USA_Customs_form_3299.pdf]
[www.air7seas.com/source/documents/forms-downloads/BLsampleform.pdf]
[www.air7seas.com/source/documents/forms-downloads/Carrier-to-Carrier-Agreement.docx]
[www.air7seas.com/forms-downloads.html]
[www.air7seas.com/bank-details.html]
[www.air7seas.com/payments.html]
[www.air7seas.com/moving-tips.html]
[www.air7seas.com/credit-card.html]
[www.air7seas.com/source/images/dry-container.png]
[www.air7seas.com/source/images/refer-cargo.png]
[www.air7seas.com/source/images/special-container.png]
[www.air7seas.com/source/images/img-1160_l1.jpg]
[www.air7seas.com/source/images/flatrack-container.png]
[www.air7seas.com/source/images/adjustable-flatrack-container.png]
[www.air7seas.com/source/images/chassis.png]
[www.air7seas.com/source/images/mg-set.png]
[www.air7seas.com/container-sizes.html]
[www.air7seas.com/source/images/icons/jpg.png]
[www.air7seas.com/source/documents/faq-documents/NVOCC LCL Consol Service.jpg]
[www.air7seas.com/container-marine.html]
[www.air7seas.com/factors-equivalents.html]
[www.air7seas.com/conversion_chart.html]
[www.air7seas.com/mitigation-of-damages.html]
[www.air7seas.com/labeling.html]
[www.air7seas.com/source/documents/Batteries-Pack-Ship-instructions-UPS.pdf]
[www.air7seas.com/shipping-to-united-states.html]
[www.air7seas.com/source/documents/faq-documents/Unit Load Devices (air ctrs) in pdf format to add to FAQ.pdf]
[www.air7seas.com/source/documents/faq-documents/importingacar.doc]
[www.air7seas.com/source/documents/faq-documents/moving.doc]
[www.air7seas.com/source/documents/faq-documents/port.pdf]
[www.air7seas.com/door-services.html]
[www.air7seas.com/source/documents/faq-documents/BLsampleform.pdf]
[www.air7seas.com/ddc.html]
[www.air7seas.com/source/documents/faq-documents/letter-of-credit-standard-instructions.docx]
[www.air7seas.com/source/documents/faq-documents/WPM_Enforcement_Regulations.pdf]
[www.air7seas.com/source/documents/faq-documents/WPM_facsimile.pdf]
[www.air7seas.com/source/documents/faq-documents/WPM Violation FAQ.docx]
[www.air7seas.com/source/documents/faq-documents/cpsa.pdf]
[www.air7seas.com/source/documents/faq-documents/fhsa.pdf]
[www.air7seas.com/penalty-for-failure-of-EEI.html]
[www.air7seas.com/ship-schedule.html]
[www.air7seas.com/government-agencies-resources.html]
[www.air7seas.com/source/images/coupon-images/moving-flyer.jpg]
[www.air7seas.com/faq.html]
[www.air7seas.com/ask-a-question.html]
[www.air7seas.com/estimate-sizeof-shipment.html]
[www.air7seas.com/source/images/ro-ro-service-banner.png]
[www.air7seas.com/roll-on-roll-off.html]
[www.air7seas.com/logo/air-7-seas-transport-logistics-213698.html]
[www.air7seas.com/customs-release.html]
[www.air7seas.com/door-trucking-specials.html]
[www.air7seas.com/door-transportation-service.html]
[www.air7seas.com/moving.html]
[www.air7seas.com/procedural-steps-for-claim-submition.html]
[www.air7seas.com/images/fancy_progress.html]
[www.air7seas.com/images/fancy_closebox.html]
[www.air7seas.com/images/fancy_shadow_n.html]
[www.air7seas.com/images/fancy_shadow_ne.html]
[www.air7seas.com/images/fancy_shadow_e.html]
[www.air7seas.com/images/fancy_shadow_se.html]
[www.air7seas.com/images/fancy_shadow_s.html]
[www.air7seas.com/images/fancy_shadow_sw.html]
[www.air7seas.com/images/fancy_shadow_w.html]
[www.air7seas.com/images/fancy_shadow_nw.html]
[www.air7seas.com/source/images/top_links_bg.html]
[www.air7seas.com/source/images/nav-bg1.html]
[www.air7seas.com/source/images/checkout-sp.html]
[www.air7seas.com/source/images/general-sp-uk.html]
[www.air7seas.com/source/images/general-sp-de.html]
[www.air7seas.com/source/images/general-sp-fr.html]
[www.air7seas.com/source/images/error-404-img.html]
[www.air7seas.com/source/images/error-404-img-fr.html]
[www.air7seas.com/source/images/error-404-img-de.html]
[www.air7seas.com/source/images/shocart-t.html]
[www.air7seas.com/source/images/shopping-basket-i.html]
[www.air7seas.com/source/images/cart-h-line.html]
[www.air7seas.com/source/images/aboutus-sp.html]
[www.air7seas.com/source/images/in-stock.html]
[www.air7seas.com/source/images/site-map-arrow.html]
[www.air7seas.com/source/images/best-seller-tbg.html]
[www.air7seas.com/source/images/banner-bullate1.html]
[www.air7seas.com/vp/images/24-sp.html]
[www.air7seas.com/source/images/logo.html]
[www.air7seas.com/source/images/logo-trade-account.html]
[www.air7seas.com/source/images/call.html]
[www.air7seas.com/source/images/jpg-sp.html]
[www.air7seas.com/source/images/jpg-sp-fr.html]
[www.air7seas.com/source/images/jpg-sp-de.html]
[www.air7seas.com/source/images/green_bg.html]
[www.air7seas.com/source/images/half-price-sale-bbnr.html]
[www.air7seas.com/source/images/half-price-sale-bbnr-fr.html]
[www.air7seas.com/source/images/half-price-sale-bbnr-de.html]
[www.air7seas.com/source/images/vp-order-summ-t-submenu.html]
[www.air7seas.com/source/images/sale-sp.html]
[www.air7seas.com/source/images/sprite_stars_small.html]
[www.air7seas.com/source/images/sprite_stars_large.html]
[www.air7seas.com/source/images/christmas-coner-close-i.html]
[www.air7seas.com/source/images/delivery-coner-close-i.html]
[www.air7seas.com/source/images/autumn-sale-l-bg.html]
[www.air7seas.com/source/images/march-sale-hours-bg.html]
[www.air7seas.com/source/images/march-sale-bg.html]
[www.air7seas.com/source/images/dont-miss-out-tbnr.html]
[www.air7seas.com/source/images/fancy_closebox.html]
[www.air7seas.com/source/images/2man-white-glove-service-a.html]
[www.air7seas.com/source/images/spring-sale-tbnr1804.html]
[www.air7seas.com/source/images/sale-drop-shaddow-ibnr.html]
[www.air7seas.com/source/images/popup-bg.html]
[www.air7seas.com/source/images/loading1.html]
[www.air7seas.com/source/images/cataloguerequestbutton68.html]
[www.air7seas.com/source/images/range-tag.html]
[www.air7seas.com/source/images/half-price-sale-countdown-tbnr.html]
[www.air7seas.com/source/images/faq-sp.html]
[www.air7seas.com/vp/images/order-update-details-i.html]
[www.air7seas.com/vp/images/order-tracking-box-shaddow.html]
[www.air7seas.com/vp/images/general-sp-uk.html]
[www.air7seas.com/vp/images/general-sp.html]
[www.air7seas.com/source/images/trade-sp.html]
[www.air7seas.com/news-ein-aes-regulation.html]
[www.air7seas.com/source/documents/SOLAS_VGM_Industry_FAQs_Dec_2015_US_letter_WEB.html]
[www.air7seas.com/practical-packing.html]
[www.air7seas.com/news-food-exporter-Importers-fda-requirements.html]
[www.air7seas.com/news-datasheets-for-experts.html]
[www.air7seas.com/source/images/seal_india_requirements.jpg]
[www.air7seas.com/news-wb-seal-india-requirements.html]
[www.air7seas.com/inco-terms.html]
[www.air7seas.com/source/css/modal-popup.css]
[www.air7seas.com/source/images/lcl-page.jpg]
[www.air7seas.com/lcl-cargo.html]
[www.air7seas.com/source/images/icon_plus-1.png]
[www.air7seas.com/source/images/icon_minus-1.png]
[www.air7seas.com/source/css/faq_accordion.css]
[www.air7seas.com/import-export-code-number.html]
[www.air7seas.com/lcl-export-schedule.html]
[www.air7seas.com/source/images/v5-box-2.png]
[www.air7seas.com/balikbayan-box.html]
[www.air7seas.com/dimensional-weight-calculator.html]
[www.air7seas.com/customs-clearance-help.html]
[www.air7seas.com/customs-clearance-entry.html]
[www.air7seas.com/source/css/tel/intlTelInput.css]
[www.air7seas.com/newsession.html]
[www.air7seas.com/source/images/image0d4f.png]
[www.air7seas.com/image_req.html]
[www.air7seas.com/source/images/list-style-icon.html]
[www.air7seas.com/contactlist.html]
[www.air7seas.com/refer-to-friend.html]
[www.air7seas.com/feedback4aed.html]
[www.air7seas.com/lcl-deconsolidation-In-bond.html]
[www.air7seas.com/source/documents/USA_Power_of_Attorney.pdf]
[www.air7seas.com/hhgimports.html]
[www.air7seas.com/news-why-10+2.html]
[www.air7seas.com/source/documents/agreements/AGENCYAGREEMENT.doc]
[www.air7seas.com/source/documents/agreements/HBLagreement.doc]
[www.air7seas.com/source/documents/agreements/AgentInstructions.doc]
[www.air7seas.com/source/documents/agreements/Door Service Policy.doc]
[www.air7seas.com/agreements.html]
[www.air7seas.com/source/images/bullet3.html]
[www.air7seas.com/movers.html]
[www.air7seas.com/source/images/a7s-logo-watermark.png]
[www.air7seas.com/customs-examination-hold-notice.html]
[www.air7seas.com/cargo-insurance.html]
[www.air7seas.com/insurancefpa.html]
[www.air7seas.com/customer-review-fetch_pages.html]
[www.air7seas.com/proforma invoice sample.html]
[www.air7seas.com/source/documents/USPPI.html]
[www.google-analytics.com/analytics.js]
[www.air7seas.com/bank-details.html]
[www.air7seas.com/source/js/jquery.maskMoney.js]
[www.air7seas.com/source/images/ico_visa.jpg]
[www.air7seas.com/source/images/ico_mc.jpg]
[www.air7seas.com/ccpopup.html]
[www.air7seas.com/source/images/ccicon.png]
[www.air7seas.com/credit-card.html]
[www.air7seas.com/container-marine.html]
[www.air7seas.com/factors-equivalents.html]
[www.air7seas.com/source/css/table-design.css]
[www.air7seas.com/conversion_chart.html]
[www.air7seas.com/mitigation-of-damages.html]
[www.air7seas.com/source/images/labels.gif]
[www.air7seas.com/labeling.html]
[www.air7seas.com/shipping-to-united-states.html]
[www.air7seas.com/door-services.html]
[www.air7seas.com/ddc.html]
[www.air7seas.com/penalty-for-failure-of-EEI.html]
[www.air7seas.com/ship-schedule.html]
[www.air7seas.com/destinationcharges.html]
[www.air7seas.com/source/images/bis.gif]
[www.air7seas.com/source/images/fmc.gif]
[www.air7seas.com/source/images/iata.gif]
[www.air7seas.com/source/images/ddtc.gif]
[www.air7seas.com/source/images/cbc.gif]
[www.air7seas.com/source/images/ofac.gif]
[www.air7seas.com/source/images/tsa.gif]
[www.air7seas.com/source/images/ecl.gif]
[www.air7seas.com/source/images/dpl.gif]
[www.air7seas.com/source/images/uscb.gif]
[www.air7seas.com/source/images/csl.gif]
[www.air7seas.com/source/images/nrc.gif]
[www.air7seas.com/government-agencies-resources.html]
[www.air7seas.com/door-trucking-specials.html]
[www.air7seas.com/door-transportation-service.html]
[www.air7seas.com/practical-packing.html]
[www.air7seas.com/source/documents/Industry Instructions -  Electronic Process Filing_webuseonly 09122012.html]
[www.air7seas.com/news-why-10+2.html]
[www.air7seas.com/packing-with-children.html]
[www.air7seas.com/source/images/visa_ccv.png]
[www.air7seas.com/ccpopup.html]
[www.air7seas.com/source/css/table-design.css]
[www.air7seas.com/destinationcharges.html]
[www.air7seas.com/packing-with-children.html]
[www.air7seas.com/travel-fun-game-for-children.html]
[www.air7seas.com/travel-fun-game-for-children.html]
